
==============================================================================
EXACT TEST — WHAT IT COULD DETECT, COMPUTED BEFORE IT IS RUN
==============================================================================
  The band is the set of days that fall on DIFFERENT sides of the line in
  different seasons. Only promotions landing there carry any contrast.

  grain                             band     exposure  n in  MDE80  peak
                                    days     post/pre  band        power
  top-100, observed-deep           10-15        18/24     5   none  0.72
  top-30, observed                 10-15        32/28     7   none  0.74
  top-10, observed                 10-15        13/23     2   none  0.00
  top-30, all seasons               9-15        54/58     9  10.76  0.93
  top-10, all seasons               9-15        31/39     3   none  0.00
  the whole cohort, for scale       9-15        54/58   133   1.66  1.00

  "none" means no rate ratio up to 20 reaches 80% power. "peak power" is the
  best this test can do at ANY effect size, so a peak below 0.80 means the
  grain cannot reach the conventional standard however large the truth is.

  top-100, observed-deep: 5 of 70 promotions land in the band
    power at 2 / 3 / 5 / 10: 0.08 / 0.16 / 0.31 / 0.53
  top-30, observed: 7 of 34 promotions land in the band
    power at 2 / 3 / 5 / 10: 0.08 / 0.17 / 0.32 / 0.56
  top-10, observed: 2 of 12 promotions land in the band
    power at 2 / 3 / 5 / 10: 0.00 / 0.00 / 0.00 / 0.00
  top-30, all seasons: 9 of 49 promotions land in the band
    power at 2 / 3 / 5 / 10: 0.12 / 0.27 / 0.51 / 0.79
  top-10, all seasons: 3 of 19 promotions land in the band
    power at 2 / 3 / 5 / 10: 0.00 / 0.00 / 0.00 / 0.00
  the whole cohort, for scale: 133 of 834 promotions land in the band
    power at 2 / 3 / 5 / 10: 0.98 / 1.00 / 1.00 / 1.00

wrote power-exact.json
