cohort: 3061
bio: 31 batched calls
bio: 3061 resolved
bio: 3061 players
  awards 250/3061
  awards 500/3061
  awards 750/3061
  awards 1000/3061
  awards 1250/3061
  awards 1500/3061
  awards 1750/3061
  awards 2000/3061
  awards 2250/3061
  awards 2500/3061
  awards 2750/3061
  awards 3000/3061
awards: 3061 players
  mlb 250/3060
  mlb 500/3060
  mlb 750/3060
  mlb 1000/3060
  mlb 1250/3060
  mlb 1500/3060
  mlb 1750/3060
  mlb 2000/3060
  mlb 2250/3060
  mlb 2500/3060
  mlb 2750/3060
  mlb 3000/3060
mlb: 3060 players
league: 40 season-groups
  arsenal 200/1690
  arsenal 400/1690
  arsenal 600/1690
  arsenal 800/1690
  arsenal 1000/1690
  arsenal 1200/1690
  arsenal 1400/1690
  arsenal 1600/1690
arsenal: 1690 pitchers
done
